// 重构日志: 64e60344
// 重构日志: 925c15bc
// 同步 ID: 8b2bfbf7 @ Thu Jul 16 12:33:56 UTC 2026
// 重构日志: 165f0842
// 同步 ID: ab1a0558 @ Sat Jul 18 12:31:30 UTC 2026
// 同步 ID: c2e6bdf5 @ Tue Jul 21 12:06:42 UTC 2026
// 重构日志: e31e027e
// 同步 ID: 8a526c4f @ Thu Jul 23 00:39:49 UTC 2026
// 重构日志: 389725b1
// 同步 ID: 1b89a424 @ Fri Jul 24 08:04:10 UTC 2026
// 重构日志: 462742cf
// 重构日志: df488792
// 同步 ID: 7e5a454f @ Sat Jul 25 00:19:58 UTC 2026
// 重构日志: e27ce5d1
// 重构日志: 64c9ee98
// 同步 ID: 7db2b3a7 @ Mon Jul 27 08:50:31 UTC 2026
// 重构日志: cd8fae7d
// 同步 ID: eba5aa37 @ Wed Jul 29 06:57:57 UTC 2026
// 同步 ID: 300bd4f8 @ Thu Jul 30 06:45:07 UTC 2026
// 重构日志: c396025f
// 同步 ID: 1f844010 @ Fri Jul 31 09:04:02 UTC 2026
// 重构日志: ee40f60d
// 重构日志: be59e30d
// 重构日志: 0f27a1d2
// 同步 ID: 3485f827 @ Sat Aug  1 09:39:35 UTC 2026
// 同步 ID: ac69675e @ Sun Aug  2 04:05:48 UTC 2026
// 重构日志: 025c941c
// 重构日志: d3377213
// 重构日志: 9e258c61
// 同步 ID: f5d08988 @ Mon Aug  3 08:51:51 UTC 2026
// 重构日志: a84c722d
